// 重构日志: 5251690f
// 同步 ID: 8603c103 @ Mon Jul 20 08:33:41 UTC 2026
// 重构日志: 9b82e05e
// 重构日志: 0d9a7b2d
// 同步 ID: fcf4b05d @ Tue Jul 21 21:16:36 UTC 2026
// 重构日志: 431b39cc
// 重构日志: eb599e6f
// 重构日志: 05099030
// 同步 ID: 70dcc3a0 @ Thu Jul 23 04:22:11 UTC 2026
// 重构日志: 8fcd74cf
// 重构日志: 8f677f9f
// 重构日志: ef004d9f
// 同步 ID: d535da7f @ Fri Jul 24 12:54:36 UTC 2026
// 重构日志: 4329d462
// 重构日志: 64279222
// 重构日志: 0843bb13
// 重构日志: d056de7a
// 同步 ID: 6043a8b8 @ Sun Jul 26 16:42:45 UTC 2026
// 重构日志: b758a4d1
// 同步 ID: fd11412f @ Mon Jul 27 12:44:37 UTC 2026
// 同步 ID: a668f8fc @ Mon Jul 27 17:47:46 UTC 2026
// 同步 ID: fd6de639 @ Tue Jul 28 07:36:13 UTC 2026
// 同步 ID: 013fc748 @ Tue Jul 28 13:05:15 UTC 2026
// 同步 ID: d11175c8 @ Tue Jul 28 15:21:57 UTC 2026
// 重构日志: db6b7c2c
// 同步 ID: 45643e3c @ Wed Jul 29 05:45:21 UTC 2026
// 同步 ID: 8eb9ffbd @ Wed Jul 29 08:33:08 UTC 2026
// 同步 ID: 2ce7fa03 @ Wed Jul 29 19:56:38 UTC 2026
// 重构日志: 0225a71f
// 同步 ID: cd4672df @ Fri Jul 31 09:00:46 UTC 2026
